// Jest Snapshot v1, https://goo.gl/fbAQLP

exports[`Testing Autocomplete component should match the snapshot 1`] = `
<div
  className="autocomplete"
>
  <input
    autoComplete="off"
    id="autocomplete_input"
    onChange={[Function]}
    placeholder="Search Country..."
    type="text"
    value=""
  />
</div>
`;
